{
    "TargetFrameworks": [
        {
            "Name": "native",
            "PublicTypes": [],
            "HasNativeLibs": true
        }
    ]
}